------------------------------------------------------------
Timing Analyzer Summary
------------------------------------------------------------

Type  : Slow 1100mV 85C Model Setup 'clock'
Slack : -3.917
TNS   : -230.354

Type  : Slow 1100mV 85C Model Hold 'clock'
Slack : 0.500
TNS   : 0.000

Type  : Slow 1100mV 85C Model Minimum Pulse Width 'clock'
Slack : -0.724
TNS   : -87.807

Type  : Slow 1100mV 0C Model Setup 'clock'
Slack : -3.900
TNS   : -228.475

Type  : Slow 1100mV 0C Model Hold 'clock'
Slack : 0.521
TNS   : 0.000

Type  : Slow 1100mV 0C Model Minimum Pulse Width 'clock'
Slack : -0.724
TNS   : -87.746

Type  : Fast 1100mV 85C Model Setup 'clock'
Slack : -1.113
TNS   : -48.914

Type  : Fast 1100mV 85C Model Hold 'clock'
Slack : 0.182
TNS   : 0.000

Type  : Fast 1100mV 85C Model Minimum Pulse Width 'clock'
Slack : -0.092
TNS   : -6.881

Type  : Fast 1100mV 0C Model Setup 'clock'
Slack : -0.943
TNS   : -38.785

Type  : Fast 1100mV 0C Model Hold 'clock'
Slack : 0.171
TNS   : 0.000

Type  : Fast 1100mV 0C Model Minimum Pulse Width 'clock'
Slack : -0.091
TNS   : -6.913

------------------------------------------------------------
